afl_instrument
ar
architecture
ar_supports_response_files
as_compress_debug_sections_flag
as_has_debug_prefix_map
asm
asm_cfi_supported
ast_impl_magic_number
ast_intf_magic_number
bindir
bytecomp_c_compiler
bytecomp_c_libraries
cc_compress_debug_sections_flag
c_compiler
ccomp_type
cfg_magic_number
c_has_debug_prefix_map
cma_magic_number
cmi_magic_number
cmja_magic_number
cmj_magic_number
cmo_magic_number
cms_magic_number
cmt_magic_number
cmxa_magic_number
cmx_magic_number
cmxs_magic_number
c_output_obj
custom_ops_struct_size
default_executable_name
default_rpath
default_safe_string
exec_magic_number
ext_asm
ext_dll
ext_exe
ext_lib
ext_obj
flambda
flambda2
flambda_backend
flat_float_array
function_sections
has_avx
has_avx2
has_bmi
has_bmi2
has_pclmul
has_popcnt
has_sse3
has_sse4_1
has_sse4_2
has_ssse3
host
int_size
lazy_tag
linear_magic_number
max_tag
max_young_wosize
mkdll
mkexe
mkmaindll
mksharedlibrpath
model
multidomain
naked_pointers
native_c_compiler
native_c_libraries
native_compiler
native_dynlink
native_ldflags
native_pack_linker
no_stack_checks
objcopy
objcopy_compress_debug_sections_flag
ocamlc_cflags
ocamlc_cppflags
ocamlopt_cflags
ocamlopt_cppflags
os_type
ox
oxcaml_dwarf
parameterised_modules
poll_insertion
probes
reserved_header_bits
runtime5
safe_string
stack_allocation
stack_safety_margin
stack_threshold
standard_library
standard_library_default
supports_shared_libraries
syntax_quotations
system
systhread_supported
target
tsan
version
windows_unicode
with_address_sanitizer
with_cmm_invariants
with_cpp_mangling
with_flambda_invariants
with_frame_pointers
word_size
