**** Vectorize selected computation: 4 groups, 8 scalar instructions, 4 vector instructions, cost = -4 (Test_int64_unboxed_vectorized.add_mutable_record)
**** Vectorize selected computation: 2 groups, 4 scalar instructions, 2 vector instructions, cost = -2 (Test_int64_unboxed_vectorized.copy_mutable_record)
**** Vectorize selected computation: 8 groups, 16 scalar instructions, 8 vector instructions, cost = -8 (Test_int64_unboxed_vectorized.add_fours_mutable_record)
